{
    "@context": "\/api\/v2\/contexts\/PaymentMethod",
    "@id": "\/api\/v2\/shop\/payments\/@integer@\/methods",
    "@type": "hydra:Collection",
    "hydra:member": [
        {
            "@id": "\/api\/v2\/shop\/payment-methods\/CASH_ON_DELIVERY",
            "@type": "PaymentMethod",
            "id": @integer@,
            "code": "CASH_ON_DELIVERY",
            "position": 0,
            "name": "Cash on delivery",
            "description": @string@,
            "instructions": null
        }
    ],
    "hydra:totalItems": 1
}
